Commit1
Commit2
commit3
commit4-WP111
commit4-WP222